 $CONTRL ICHARG=0 MULT=1 SCFTYP=RHF RUNTYP=ENERGY
  COORD=UNIQUE MAXIT=200 NZVAR=0 DFTTYP=B3LYPV1R
 $END
 $SYSTEM MWORDS=100 $END
 $STATPT NSTEP=100 HSSEND=.F. $END
 $SCF DIRSCF=.T. $END
 $BASIS GBASIS=N31 NGAUSS=6 NDFUNC=1 NPFUNC=1
  DIFFSP=.T. DIFFS=.T. $END
 $DATA
1,2-difluorobenzene
C1
C    6.0    0.0000000000    1.3960000000    0.0000000000
C    6.0    1.2090000000    0.6980000000    0.0000000000
C    6.0    1.2090000000   -0.6980000000    0.0000000000
C    6.0    0.0000000000   -1.3960000000    0.0000000000
C    6.0   -1.2090000000   -0.6980000000    0.0000000000
C    6.0   -1.2090000000    0.6980000000    0.0000000000
F    9.0    0.0000000000    2.4790000000    0.0000000000
F    9.0    2.1470000000    1.2400000000    0.0000000000
H    1.0    2.1470000000   -1.2400000000    0.0000000000
H    1.0    0.0000000000   -2.4790000000    0.0000000000
H    1.0   -2.1470000000   -1.2400000000    0.0000000000
H    1.0   -2.1470000000    1.2400000000    0.0000000000
 $END
